\begin{itemize}
    \item{Elvis Presley}
        \begin{enumerate}
          \item{A Big Hunk Of Love}
          \item{A Fool Such As I}
          \item{A Mess Of Blues}
	        \item{After Loving You}
	        \item{All Shook Up}
	        \item{Always On My Mind}
	        \item{An American Trilogy}
	        \item{Are You Lonesome Tonight}
	        \item{Baby I Dont Care}
	        \item{Big Boss Man}
	        \item{Blue Christmas}
	        \item{Blue Shoes}
	        \item{Blue Suede Shoes}
	        \item{Bossa Nova Baby}
	        \item{Burning Love}
	        \item{Cant Help Falling In Love}
	        \item{Cindy, Cindy}
	        \item{Clean Up Your Own Back Yard}
	        \item{Crying In The Chapel}
	        \item{Devil In Disguise}
	        \item{Dont Be Cruel}
	        \item{Dont Cry Daddy}
	        \item{Dont}
	        \item{Edge Of Reality}
	        \item{Follow That Dream}
	        \item{For The Heart}
	        \item{Good Luck Charm}
	        \item{Guitar Man}
	        \item{Heart Of Rome}
	        \item{Heartbreak Hotel}
	        \item{Here Comes Santa Claus}
	        \item{His Latest Flame}
	        \item{Hound Dog \& Tutti Frutti}
	        \item{Hound Dog}
	        \item{I Believe}
	        \item{I Got Stung}
	        \item{I Just Cant Help Believing}
	        \item{I Want You, I Need You, I Love You}
	        \item{Ill Be Home For Christmas}
	        \item{Ill Hold You In My Heart}
	        \item{Ill Never Know}
	        \item{I'm Leaving}
	        \item{I've Lost You}
	        \item{If I Can Dream}
	        \item{If You Talk In Your Sleep}
	        \item{In The Ghetto}
	        \item{It Ain't No Big Thing}
	        \item{Its No Secret}
	        \item{Its Now Or Never}
	        \item{Its Only Love}
	        \item{Jailhouse Rock}
	        \item{Kentucky Rain}
	        \item{King Creole}
	        \item{Lawdy Miss Clawdy}
	        \item{Life}
	        \item{Little Sister}
	        \item{Love Letters}
	        \item{Love Me Tender}
	        \item{Loving You}
	        \item{Memories}
	        \item{Merry Christmas Baby}
	        \item{Moody Blue}
	        \item{My Baby Left Me}
	        \item{My Way}
	        \item{My Wish Came True}
	        \item{Oh Little Town Of Bethlehem}
	        \item{Old Shop}
	        \item{One Night}
	        \item{Only Believe}
	        \item{Only The Strong Survive}
	        \item{Party}
	        \item{Peace In The Val}
	        \item{Polk Salad Annie}
	        \item{Promised Land}
	        \item{Rags To Riches}
	        \item{Return To Sender}
	        \item{Rock A Hula Baby}
	        \item{Santa Bring My Baby Back}
	        \item{Santa Claus Is Back In Town}
	        \item{Separate Ways}
	        \item{Shake, Rattle And Roll}
	        \item{Shes Not You}
	        \item{Silent Night}
	        \item{Softly As I Leave You}
	        \item{Stranger In My Own Home Town}
	        \item{Stuck On You}
	        \item{Such A Night}
	        \item{Surrender}
	        \item{Suspicion}
	        \item{Suspicious Minds}
	        \item{Take My Hand, Precious Lord}
	        \item{Teddy Bear}
	        \item{The Girl Of My Best Friend}
	        \item{The Wonder Of You}
	        \item{There Goes My Everything}
	        \item{This Is Our Dance}
	        \item{U.S. Male}
	        \item{Us Male}
	        \item{Viva Las Vegas}
	        \item{Way Down}
	        \item{Wear My Ring}
	        \item{White Christmas}
	        \item{Wild In The Country}
	        \item{Wooden Heart}
	        \item{You Don't Have To Say You Love}
        \end{enumerate}
    \item{Frank Sinatra}
        \begin{enumerate}
	        \item{Lets Face The Music \& Dance}
	        \item{My Way}
	        \item{Come Rain Or Come Shine}
	        \item{Strangers In The Night}
	        \item{Night And Day}
	        \item{Theme From New York New York}
	        \item{I Get A Kick Out Of You}
	        \item{Very Thought Of You, The}
	        \item{Pennies From Heaven}
	        \item{Something Stupid}
	        \item{Bewitched}
	        \item{Moon River}
	        \item{America The Beautiful}
	        \item{What Now My Love}
	        \item{All The Way}
	        \item{Summer Wind}
	        \item{For Once In My Life}
	        \item{In The Wee Small Hours Of The Mor}
	        \item{Love And Marriage}
	        \item{Way You Look Tonight, The}
	        \item{They Cant Take That Away From Me}
	        \item{Three Coins In The Fountain}
	        \item{My Kind Of Town}
	        \item{Softly As I Leave You}
	        \item{All Or Nothing At All}
	        \item{Fly Me To The Moon}
	        \item{Ive Got You Under My Skin}
	        \item{Yesterday}
	        \item{Best Is Yet To Come, The}
	        \item{Moonlight Serenade}
	        \item{It Was A Very Good Year}
	        \item{Somewhere My Love}
	        \item{Come Fly With Me}
	        \item{Mrs. Robinson}
	        \item{Something}
	        \item{Thats Life}
	        \item{Girl From Ipanema, The}
	        \item{You Are The Sunshine Of My Life}
	        \item{Lady Is A Tramp, The}
	        \item{Send In The Clowns}
	        \item{Bad, Bad Leroy Brown}
	        \item{It Had To Be You}
	        \item{Best Of Everything, The}
	        \item{Mack The Knife}
	        \item{Loves Been Good To Me}
	        \item{L.A. Is My Lady}
        \end{enumerate}
    \item{Sex Pistols}
        \begin{enumerate}
	        \item{(Im Not Your) Stepping Stone}
	        \item{Anarchy In The UK}
	        \item{Bodies}
	        \item{CMon Everybody}
	        \item{EMI (orch)}
	        \item{EMI}
	        \item{Friggin In The Riggin}
	        \item{God Save The Queen}
	        \item{LAnarchie Pour Le U.K.}
	        \item{Liar}
	        \item{My Way}
	        \item{Rock Around the Clock}
	        \item{Who Killed Bambi}
	        \item{You Need Hands}
        \end{enumerate}
\end{itemize}
